// Jest Snapshot v1, https://goo.gl/fbAQLP

exports[`should render CardList component 1`] = `
<div>
  <Card
    email="fritzy@mcgee.com"
    id={1}
    key="0"
    name="Fritzy McGee"
  />
</div>
`;
